// Jest Snapshot v1, https://goo.gl/fbAQLP

exports[`should match login render to snapshot 1`] = `
<div
  className="box-layout"
>
  <div
    className="box-layout__box"
  >
    <h1
      className="box-layout__title"
    >
      Expensify App
    </h1>
    <p>
      Time for Expenses!
    </p>
    <button
      className="button"
    >
      Login with Google
    </button>
  </div>
</div>
`;
